Archive member included to satisfy reference by file (symbol)

/opt/st/stm32cubeide_1.15.0/plugins/com.st.stm32cube.ide.mcu.externaltools.gnu-tools-for-stm32.12.3.rel1.linux64_1.0.100.202403111256/tools/bin/../lib/gcc/arm-none-eabi/12.3.1/../../../../arm-none-eabi/lib/thumb/v7e-m+fp/hard/libc_nano.a(libc_a-exit.o)
                              /opt/st/stm32cubeide_1.15.0/plugins/com.st.stm32cube.ide.mcu.externaltools.gnu-tools-for-stm32.12.3.rel1.linux64_1.0.100.202403111256/tools/bin/../lib/gcc/arm-none-eabi/12.3.1/../../../../arm-none-eabi/lib/thumb/v7e-m+fp/hard/crt0.o (exit)
/opt/st/stm32cubeide_1.15.0/plugins/com.st.stm32cube.ide.mcu.externaltools.gnu-tools-for-stm32.12.3.rel1.linux64_1.0.100.202403111256/tools/bin/../lib/gcc/arm-none-eabi/12.3.1/../../../../arm-none-eabi/lib/thumb/v7e-m+fp/hard/libc_nano.a(libc_a-findfp.o)
                              /opt/st/stm32cubeide_1.15.0/plugins/com.st.stm32cube.ide.mcu.externaltools.gnu-tools-for-stm32.12.3.rel1.linux64_1.0.100.202403111256/tools/bin/../lib/gcc/arm-none-eabi/12.3.1/../../../../arm-none-eabi/lib/thumb/v7e-m+fp/hard/libc_nano.a(libc_a-exit.o) (__stdio_exit_handler)
/opt/st/stm32cubeide_1.15.0/plugins/com.st.stm32cube.ide.mcu.externaltools.gnu-tools-for-stm32.12.3.rel1.linux64_1.0.100.202403111256/tools/bin/../lib/gcc/arm-none-eabi/12.3.1/../../../../arm-none-eabi/lib/thumb/v7e-m+fp/hard/libc_nano.a(libc_a-fwalk.o)
                              /opt/st/stm32cubeide_1.15.0/plugins/com.st.stm32cube.ide.mcu.externaltools.gnu-tools-for-stm32.12.3.rel1.linux64_1.0.100.202403111256/tools/bin/../lib/gcc/arm-none-eabi/12.3.1/../../../../arm-none-eabi/lib/thumb/v7e-m+fp/hard/libc_nano.a(libc_a-findfp.o) (_fwalk_sglue)
/opt/st/stm32cubeide_1.15.0/plugins/com.st.stm32cube.ide.mcu.externaltools.gnu-tools-for-stm32.12.3.rel1.linux64_1.0.100.202403111256/tools/bin/../lib/gcc/arm-none-eabi/12.3.1/../../../../arm-none-eabi/lib/thumb/v7e-m+fp/hard/libc_nano.a(libc_a-stdio.o)
                              /opt/st/stm32cubeide_1.15.0/plugins/com.st.stm32cube.ide.mcu.externaltools.gnu-tools-for-stm32.12.3.rel1.linux64_1.0.100.202403111256/tools/bin/../lib/gcc/arm-none-eabi/12.3.1/../../../../arm-none-eabi/lib/thumb/v7e-m+fp/hard/libc_nano.a(libc_a-findfp.o) (__sread)
/opt/st/stm32cubeide_1.15.0/plugins/com.st.stm32cube.ide.mcu.externaltools.gnu-tools-for-stm32.12.3.rel1.linux64_1.0.100.202403111256/tools/bin/../lib/gcc/arm-none-eabi/12.3.1/../../../../arm-none-eabi/lib/thumb/v7e-m+fp/hard/libc_nano.a(libc_a-memset.o)
                              /opt/st/stm32cubeide_1.15.0/plugins/com.st.stm32cube.ide.mcu.externaltools.gnu-tools-for-stm32.12.3.rel1.linux64_1.0.100.202403111256/tools/bin/../lib/gcc/arm-none-eabi/12.3.1/../../../../arm-none-eabi/lib/thumb/v7e-m+fp/hard/crt0.o (memset)
/opt/st/stm32cubeide_1.15.0/plugins/com.st.stm32cube.ide.mcu.externaltools.gnu-tools-for-stm32.12.3.rel1.linux64_1.0.100.202403111256/tools/bin/../lib/gcc/arm-none-eabi/12.3.1/../../../../arm-none-eabi/lib/thumb/v7e-m+fp/hard/libc_nano.a(libc_a-closer.o)
                              /opt/st/stm32cubeide_1.15.0/plugins/com.st.stm32cube.ide.mcu.externaltools.gnu-tools-for-stm32.12.3.rel1.linux64_1.0.100.202403111256/tools/bin/../lib/gcc/arm-none-eabi/12.3.1/../../../../arm-none-eabi/lib/thumb/v7e-m+fp/hard/libc_nano.a(libc_a-stdio.o) (_close_r)
/opt/st/stm32cubeide_1.15.0/plugins/com.st.stm32cube.ide.mcu.externaltools.gnu-tools-for-stm32.12.3.rel1.linux64_1.0.100.202403111256/tools/bin/../lib/gcc/arm-none-eabi/12.3.1/../../../../arm-none-eabi/lib/thumb/v7e-m+fp/hard/libc_nano.a(libc_a-reent.o)
                              /opt/st/stm32cubeide_1.15.0/plugins/com.st.stm32cube.ide.mcu.externaltools.gnu-tools-for-stm32.12.3.rel1.linux64_1.0.100.202403111256/tools/bin/../lib/gcc/arm-none-eabi/12.3.1/../../../../arm-none-eabi/lib/thumb/v7e-m+fp/hard/libc_nano.a(libc_a-closer.o) (errno)
/opt/st/stm32cubeide_1.15.0/plugins/com.st.stm32cube.ide.mcu.externaltools.gnu-tools-for-stm32.12.3.rel1.linux64_1.0.100.202403111256/tools/bin/../lib/gcc/arm-none-eabi/12.3.1/../../../../arm-none-eabi/lib/thumb/v7e-m+fp/hard/libc_nano.a(libc_a-impure.o)
                              /opt/st/stm32cubeide_1.15.0/plugins/com.st.stm32cube.ide.mcu.externaltools.gnu-tools-for-stm32.12.3.rel1.linux64_1.0.100.202403111256/tools/bin/../lib/gcc/arm-none-eabi/12.3.1/../../../../arm-none-eabi/lib/thumb/v7e-m+fp/hard/libc_nano.a(libc_a-reent.o) (_impure_ptr)
/opt/st/stm32cubeide_1.15.0/plugins/com.st.stm32cube.ide.mcu.externaltools.gnu-tools-for-stm32.12.3.rel1.linux64_1.0.100.202403111256/tools/bin/../lib/gcc/arm-none-eabi/12.3.1/../../../../arm-none-eabi/lib/thumb/v7e-m+fp/hard/libc_nano.a(libc_a-lseekr.o)
                              /opt/st/stm32cubeide_1.15.0/plugins/com.st.stm32cube.ide.mcu.externaltools.gnu-tools-for-stm32.12.3.rel1.linux64_1.0.100.202403111256/tools/bin/../lib/gcc/arm-none-eabi/12.3.1/../../../../arm-none-eabi/lib/thumb/v7e-m+fp/hard/libc_nano.a(libc_a-stdio.o) (_lseek_r)
[...]
Memory Configuration

Name             Origin             Length             Attributes
CCMRAM           0x10000000         0x00010000         xrw
RAM              0x20000000         0x00020000         xrw
FLASH            0x08000000         0x00100000         xr
*default*        0x00000000         0xffffffff

Linker script and memory map

LOAD /opt/st/stm32cubeide_1.15.0/plugins/com.st.stm32cube.ide.mcu.externaltools.gnu-tools-for-stm32.12.3.rel1.linux64_1.0.100.202403111256/tools/bin/../lib/gcc/arm-none-eabi/12.3.1/thumb/v7e-m+fp/hard/crti.o
LOAD /opt/st/stm32cubeide_1.15.0/plugins/com.st.stm32cube.ide.mcu.externaltools.gnu-tools-for-stm32.12.3.rel1.linux64_1.0.100.202403111256/tools/bin/../lib/gcc/arm-none-eabi/12.3.1/thumb/v7e-m+fp/hard/crtbegin.o
LOAD /opt/st/stm32cubeide_1.15.0/plugins/com.st.stm32cube.ide.mcu.externaltools.gnu-tools-for-stm32.12.3.rel1.linux64_1.0.100.202403111256/tools/bin/../lib/gcc/arm-none-eabi/12.3.1/../../../../arm-none-eabi/lib/thumb/v7e-m+fp/hard/crt0.o
LOAD ./Core/Src/main.o
LOAD ./Core/Src/stm32f4xx_hal_msp.o
LOAD ./Core/Src/stm32f4xx_it.o
LOAD ./Core/Src/syscalls.o
LOAD ./Core/Src/sysmem.o
LOAD ./Core/Src/system_stm32f4xx.o
LOAD ./Core/Startup/startup_stm32f407vgtx.o
LOAD ./Drivers/STM32F4xx_HAL_Driver/Src/stm32f4xx_hal.o
LOAD ./Drivers/STM32F4xx_HAL_Driver/Src/stm32f4xx_hal_cortex.o
LOAD ./Drivers/STM32F4xx_HAL_Driver/Src/stm32f4xx_hal_dma.o
LOAD ./Drivers/STM32F4xx_HAL_Driver/Src/stm32f4xx_hal_dma_ex.o
LOAD ./Drivers/STM32F4xx_HAL_Driver/Src/stm32f4xx_hal_exti.o
LOAD ./Drivers/STM32F4xx_HAL_Driver/Src/stm32f4xx_hal_flash.o
LOAD ./Drivers/STM32F4xx_HAL_Driver/Src/stm32f4xx_hal_flash_ex.o
LOAD ./Drivers/STM32F4xx_HAL_Driver/Src/stm32f4xx_hal_flash_ramfunc.o
LOAD ./Drivers/STM32F4xx_HAL_Driver/Src/stm32f4xx_hal_gpio.o
LOAD ./Drivers/STM32F4xx_HAL_Driver/Src/stm32f4xx_hal_pwr.o
LOAD ./Drivers/STM32F4xx_HAL_Driver/Src/stm32f4xx_hal_pwr_ex.o
LOAD ./Drivers/STM32F4xx_HAL_Driver/Src/stm32f4xx_hal_rcc.o
LOAD ./Drivers/STM32F4xx_HAL_Driver/Src/stm32f4xx_hal_rcc_ex.o
LOAD ./Drivers/STM32F4xx_HAL_Driver/Src/stm32f4xx_hal_tim.o
LOAD ./Drivers/STM32F4xx_HAL_Driver/Src/stm32f4xx_hal_tim_ex.o
LOAD ./Drivers/STM32F4xx_HAL_Driver/Src/stm32f4xx_hal_uart.o
START GROUP
LOAD /opt/st/stm32cubeide_1.15.0/plugins/com.st.stm32cube.ide.mcu.externaltools.gnu-tools-for-stm32.12.3.rel1.linux64_1.0.100.202403111256/tools/bin/../lib/gcc/arm-none-eabi/12.3.1/../../../../arm-none-eabi/lib/thumb/v7e-m+fp/hard/libc_nano.a
LOAD /opt/st/stm32cubeide_1.15.0/plugins/com.st.stm32cube.ide.mcu.externaltools.gnu-tools-for-stm32.12.3.rel1.linux64_1.0.100.202403111256/tools/bin/../lib/gcc/arm-none-eabi/12.3.1/../../../../arm-none-eabi/lib/thumb/v7e-m+fp/hard/libm.a
END GROUP
START GROUP
LOAD /opt/st/stm32cubeide_1.15.0/plugins/com.st.stm32cube.ide.mcu.externaltools.gnu-tools-for-stm32.12.3.rel1.linux64_1.0.100.202403111256/tools/bin/../lib/gcc/arm-none-eabi/12.3.1/thumb/v7e-m+fp/hard/libgcc.a
LOAD /opt/st/stm32cubeide_1.15.0/plugins/com.st.stm32cube.ide.mcu.externaltools.gnu-tools-for-stm32.12.3.rel1.linux64_1.0.100.202403111256/tools/bin/../lib/gcc/arm-none-eabi/12.3.1/../../../../arm-none-eabi/lib/thumb/v7e-m+fp/hard/libc_nano.a
END GROUP
START GROUP
LOAD /opt/st/stm32cubeide_1.15.0/plugins/com.st.stm32cube.ide.mcu.externaltools.gnu-tools-for-stm32.12.3.rel1.linux64_1.0.100.202403111256/tools/bin/../lib/gcc/arm-none-eabi/12.3.1/thumb/v7e-m+fp/hard/libgcc.a
LOAD /opt/st/stm32cubeide_1.15.0/plugins/com.st.stm32cube.ide.mcu.externaltools.gnu-tools-for-stm32.12.3.rel1.linux64_1.0.100.202403111256/tools/bin/../lib/gcc/arm-none-eabi/12.3.1/../../../../arm-none-eabi/lib/thumb/v7e-m+fp/hard/libc_nano.a
LOAD /opt/st/stm32cubeide_1.15.0/plugins/com.st.stm32cube.ide.mcu.externaltools.gnu-tools-for-stm32.12.3.rel1.linux64_1.0.100.202403111256/tools/bin/../lib/gcc/arm-none-eabi/12.3.1/../../../../arm-none-eabi/lib/thumb/v7e-m+fp/hard/libnosys.a
END GROUP
START GROUP
LOAD /opt/st/stm32cubeide_1.15.0/plugins/com.st.stm32cube.ide.mcu.externaltools.gnu-tools-for-stm32.12.3.rel1.linux64_1.0.100.202403111256/tools/bin/../lib/gcc/arm-none-eabi/12.3.1/thumb/v7e-m+fp/hard/libgcc.a
LOAD /opt/st/stm32cubeide_1.15.0/plugins/com.st.stm32cube.ide.mcu.externaltools.gnu-tools-for-stm32.12.3.rel1.linux64_1.0.100.202403111256/tools/bin/../lib/gcc/arm-none-eabi/12.3.1/../../../../arm-none-eabi/lib/thumb/v7e-m+fp/hard/libc_nano.a
LOAD /opt/st/stm32cubeide_1.15.0/plugins/com.st.stm32cube.ide.mcu.externaltools.gnu-tools-for-stm32.12.3.rel1.linux64_1.0.100.202403111256/tools/bin/../lib/gcc/arm-none-eabi/12.3.1/../../../../arm-none-eabi/lib/thumb/v7e-m+fp/hard/libnosys.a
END GROUP
LOAD /opt/st/stm32cubeide_1.15.0/plugins/com.st.stm32cube.ide.mcu.externaltools.gnu-tools-for-stm32.12.3.rel1.linux64_1.0.100.202403111256/tools/bin/../lib/gcc/arm-none-eabi/12.3.1/thumb/v7e-m+fp/hard/crtend.o
LOAD /opt/st/stm32cubeide_1.15.0/plugins/com.st.stm32cube.ide.mcu.externaltools.gnu-tools-for-stm32.12.3.rel1.linux64_1.0.100.202403111256/tools/bin/../lib/gcc/arm-none-eabi/12.3.1/thumb/v7e-m+fp/hard/crtn.o
                0x20020000                        _estack = (ORIGIN (RAM) + LENGTH (RAM))
                0x00000200                        _Min_Heap_Size = 0x200
                0x00000400                        _Min_Stack_Size = 0x400

.isr_vector     0x08000000      0x188
                0x08000000                        . = ALIGN (0x4)
 *(.isr_vector)
 .isr_vector    0x08000000      0x188 ./Core/Startup/startup_stm32f407vgtx.o
                0x08000000                g_pfnVectors
                0x08000188                        . = ALIGN (0x4)

.text           0x08000188     0x3bb0
                0x08000188                        . = ALIGN (0x4)
 *(.text)
 .text          0x08000188       0x40 /opt/st/stm32cubeide_1.15.0/plugins/com.st.stm32cube.ide.mcu.externaltools.gnu-tools-for-stm32.12.3.rel1.linux64_1.0.100.202403111256/tools/bin/../lib/gcc/arm-none-eabi/12.3.1/thumb/v7e-m+fp/hard/crtbegin.o
 .text          0x080001c8       0x30 /opt/st/stm32cubeide_1.15.0/plugins/com.st.stm32cube.ide.mcu.externaltools.gnu-tools-for-stm32.12.3.rel1.linux64_1.0.100.202403111256/tools/bin/../lib/gcc/arm-none-eabi/12.3.1/thumb/v7e-m+fp/hard/libgcc.a(_aeabi_uldivmod.o)
                0x080001c8                __aeabi_uldivmod
 .text          0x080001f8      0x2bc /opt/st/stm32cubeide_1.15.0/plugins/com.st.stm32cube.ide.mcu.externaltools.gnu-tools-for-stm32.12.3.rel1.linux64_1.0.100.202403111256/tools/bin/../lib/gcc/arm-none-eabi/12.3.1/thumb/v7e-m+fp/hard/libgcc.a(_udivmoddi4.o)
                0x080001f8                __udivmoddi4
 .text          0x080004b4        0x4 /opt/st/stm32cubeide_1.15.0/plugins/com.st.stm32cube.ide.mcu.externaltools.gnu-tools-for-stm32.12.3.rel1.linux64_1.0.100.202403111256/tools/bin/../lib/gcc/arm-none-eabi/12.3.1/thumb/v7e-m+fp/hard/libgcc.a(_dvmd_tls.o)
                0x080004b4                __aeabi_ldiv0
                0x080004b4                __aeabi_idiv0
 *(.text*)
 .text.receive_choice
                0x080004b8       0x58 ./Core/Src/main.o
                0x080004b8                receive_choice
 .text.main     0x08000510      0x188 ./Core/Src/main.o
                0x08000510                main
 .text.SystemClock_Config
                0x08000698       0xd4 ./Core/Src/main.o
                0x08000698                SystemClock_Config
 .text.MX_TIM8_Init
                0x0800076c      0x140 ./Core/Src/main.o
 .text.MX_USART2_UART_Init
                0x080008ac       0x54 ./Core/Src/main.o
 .text.MX_GPIO_Init
                0x08000900       0xec ./Core/Src/main.o
 .text.Error_Handler
                0x080009ec        0xc ./Core/Src/main.o
                0x080009ec                Error_Handler
 .text.HAL_MspInit
                0x080009f8       0x50 ./Core/Src/stm32f4xx_hal_msp.o
                0x080009f8                HAL_MspInit
 .text.HAL_TIM_Base_MspInit
                0x08000a48       0x44 ./Core/Src/stm32f4xx_hal_msp.o
                0x08000a48                HAL_TIM_Base_MspInit
 .text.HAL_TIM_MspPostInit
                0x08000a8c       0x74 ./Core/Src/stm32f4xx_hal_msp.o
                0x08000a8c                HAL_TIM_MspPostInit
 .text.HAL_UART_MspInit
                0x08000b00       0xa0 ./Core/Src/stm32f4xx_hal_msp.o
                0x08000b00                HAL_UART_MspInit
 .text.NMI_Handler
                0x08000ba0        0x8 ./Core/Src/stm32f4xx_it.o
                0x08000ba0                NMI_Handler
 .text.HardFault_Handler
                0x08000ba8        0x8 ./Core/Src/stm32f4xx_it.o
                0x08000ba8                HardFault_Handler
 .text.MemManage_Handler
                0x08000bb0        0x8 ./Core/Src/stm32f4xx_it.o
                0x08000bb0                MemManage_Handler
 .text.BusFault_Handler
                0x08000bb8        0x8 ./Core/Src/stm32f4xx_it.o
                0x08000bb8                BusFault_Handler
 .text.UsageFault_Handler
                0x08000bc0        0x8 ./Core/Src/stm32f4xx_it.o
                0x08000bc0                UsageFault_Handler
 .text.SVC_Handler
                0x08000bc8        0xe ./Core/Src/stm32f4xx_it.o
                0x08000bc8                SVC_Handler
 .text.DebugMon_Handler
                0x08000bd6        0xe ./Core/Src/stm32f4xx_it.o
                0x08000bd6                DebugMon_Handler
 .text.PendSV_Handler
                0x08000be4        0xe ./Core/Src/stm32f4xx_it.o
                0x08000be4                PendSV_Handler
 .text.SysTick_Handler
                0x08000bf2        0xc ./Core/Src/stm32f4xx_it.o
                0x08000bf2                SysTick_Handler
 *fill*         0x08000bfe        0x2 
 .text.USART2_IRQHandler
                0x08000c00       0x14 ./Core/Src/stm32f4xx_it.o
                0x08000c00                USART2_IRQHandler
 .text.SystemInit
                0x08000c14       0x24 ./Core/Src/system_stm32f4xx.o
                0x08000c14                SystemInit
 .text.Reset_Handler
                0x08000c38       0x50 ./Core/Startup/startup_stm32f407vgtx.o
                0x08000c38                Reset_Handler
 .text.Default_Handler
                0x08000c88        0x2 ./Core/Startup/startup_stm32f407vgtx.o
                0x08000c88                RTC_Alarm_IRQHandler
                0x08000c88                HASH_RNG_IRQHandler
                0x08000c88                EXTI2_IRQHandler
                0x08000c88                TIM8_CC_IRQHandler
                0x08000c88                TIM1_CC_IRQHandler
                0x08000c88                DMA2_Stream5_IRQHandler
                0x08000c88                DMA1_Stream5_IRQHandler
                0x08000c88                PVD_IRQHandler
                0x08000c88                SDIO_IRQHandler
                0x08000c88                TAMP_STAMP_IRQHandler
                0x08000c88                CAN2_RX1_IRQHandler
                0x08000c88                EXTI3_IRQHandler
                0x08000c88                TIM8_TRG_COM_TIM14_IRQHandler
                0x08000c88                TIM1_UP_TIM10_IRQHandler
                0x08000c88                TIM8_UP_TIM13_IRQHandler
                0x08000c88                I2C3_ER_IRQHandler
                0x08000c88                EXTI0_IRQHandler
                0x08000c88                I2C2_EV_IRQHandler
                0x08000c88                DMA1_Stream2_IRQHandler
                0x08000c88                CAN1_RX0_IRQHandler
                0x08000c88                FPU_IRQHandler
                0x08000c88                OTG_HS_WKUP_IRQHandler
                0x08000c88                CAN2_SCE_IRQHandler
                0x08000c88                DMA2_Stream2_IRQHandler
                0x08000c88                SPI1_IRQHandler
                0x08000c88                TIM6_DAC_IRQHandler
                0x08000c88                TIM1_BRK_TIM9_IRQHandler
                0x08000c88                DCMI_IRQHandler
                0x08000c88                CAN2_RX0_IRQHandler
                0x08000c88                DMA2_Stream3_IRQHandler
                0x08000c88                USART6_IRQHandler
                0x08000c88                USART3_IRQHandler
                0x08000c88                CAN1_RX1_IRQHandler
                0x08000c88                UART5_IRQHandler
                0x08000c88                DMA2_Stream0_IRQHandler
                0x08000c88                TIM4_IRQHandler
                0x08000c88                I2C1_EV_IRQHandler
                0x08000c88                DMA1_Stream6_IRQHandler
                0x08000c88                DMA1_Stream1_IRQHandler
                0x08000c88                UART4_IRQHandler
                0x08000c88                TIM3_IRQHandler
                0x08000c88                RCC_IRQHandler
                0x08000c88                TIM8_BRK_TIM12_IRQHandler
                0x08000c88                Default_Handler
                0x08000c88                EXTI15_10_IRQHandler
                0x08000c88                ADC_IRQHandler
                0x08000c88                DMA1_Stream7_IRQHandler
                0x08000c88                TIM7_IRQHandler
                0x08000c88                CAN2_TX_IRQHandler
                0x08000c88                TIM5_IRQHandler
                0x08000c88                DMA2_Stream7_IRQHandler
                0x08000c88                I2C3_EV_IRQHandler
                0x08000c88                EXTI9_5_IRQHandler
                0x08000c88                RTC_WKUP_IRQHandler
                0x08000c88                ETH_WKUP_IRQHandler
                0x08000c88                SPI2_IRQHandler
                0x08000c88                OTG_HS_EP1_IN_IRQHandler
                0x08000c88                DMA1_Stream0_IRQHandler
                0x08000c88                CAN1_TX_IRQHandler
                0x08000c88                EXTI4_IRQHandler
                0x08000c88                FSMC_IRQHandler
                0x08000c88                ETH_IRQHandler
                0x08000c88                OTG_HS_EP1_OUT_IRQHandler
                0x08000c88                WWDG_IRQHandler
                0x08000c88                TIM2_IRQHandler
                0x08000c88                OTG_FS_WKUP_IRQHandler
                0x08000c88                TIM1_TRG_COM_TIM11_IRQHandler
                0x08000c88                OTG_HS_IRQHandler
                0x08000c88                EXTI1_IRQHandler
                0x08000c88                I2C2_ER_IRQHandler
                0x08000c88                DMA2_Stream1_IRQHandler
                0x08000c88                CAN1_SCE_IRQHandler
                0x08000c88                FLASH_IRQHandler
                0x08000c88                DMA2_Stream4_IRQHandler
                0x08000c88                USART1_IRQHandler
                0x08000c88                OTG_FS_IRQHandler
                0x08000c88                SPI3_IRQHandler
                0x08000c88                DMA1_Stream4_IRQHandler
                0x08000c88                I2C1_ER_IRQHandler
                0x08000c88                DMA2_Stream6_IRQHandler
                0x08000c88                DMA1_Stream3_IRQHandler
 *fill*         0x08000c8a        0x2 
 .text.HAL_Init
                0x08000c8c       0x44 ./Drivers/STM32F4xx_HAL_Driver/Src/stm32f4xx_hal.o
                0x08000c8c                HAL_Init
 .text.HAL_InitTick
                0x08000cd0       0x60 ./Drivers/STM32F4xx_HAL_Driver/Src/stm32f4xx_hal.o
                0x08000cd0                HAL_InitTick
 .text.HAL_IncTick
                0x08000d30       0x28 ./Drivers/STM32F4xx_HAL_Driver/Src/stm32f4xx_hal.o
                0x08000d30                HAL_IncTick
 .text.HAL_GetTick
                0x08000d58       0x18 ./Drivers/STM32F4xx_HAL_Driver/Src/stm32f4xx_hal.o
                0x08000d58                HAL_GetTick
 .text.HAL_Delay
                0x08000d70       0x48 ./Drivers/STM32F4xx_HAL_Driver/Src/stm32f4xx_hal.o
                0x08000d70                HAL_Delay
 .text.__NVIC_SetPriorityGrouping
                0x08000db8       0x48 ./Drivers/STM32F4xx_HAL_Driver/Src/stm32f4xx_hal_cortex.o
 .text.__NVIC_GetPriorityGrouping
                0x08000e00       0x1c ./Drivers/STM32F4xx_HAL_Driver/Src/stm32f4xx_hal_cortex.o
 .text.__NVIC_EnableIRQ
                0x08000e1c       0x3c ./Drivers/STM32F4xx_HAL_Driver/Src/stm32f4xx_hal_cortex.o
 .text.__NVIC_SetPriority
                0x08000e58       0x54 ./Drivers/STM32F4xx_HAL_Driver/Src/stm32f4xx_hal_cortex.o
 .text.NVIC_EncodePriority
                0x08000eac       0x66 ./Drivers/STM32F4xx_HAL_Driver/Src/stm32f4xx_hal_cortex.o
 *fill*         0x08000f12        0x2 
 .text.SysTick_Config
                0x08000f14       0x44 ./Drivers/STM32F4xx_HAL_Driver/Src/stm32f4xx_hal_cortex.o
 .text.HAL_NVIC_SetPriorityGrouping
                0x08000f58       0x16 ./Drivers/STM32F4xx_HAL_Driver/Src/stm32f4xx_hal_cortex.o
                0x08000f58                HAL_NVIC_SetPriorityGrouping
 .text.HAL_NVIC_SetPriority
                0x08000f6e       0x38 ./Drivers/STM32F4xx_HAL_Driver/Src/stm32f4xx_hal_cortex.o
                0x08000f6e                HAL_NVIC_SetPriority
 .text.HAL_NVIC_EnableIRQ
                0x08000fa6       0x1c ./Drivers/STM32F4xx_HAL_Driver/Src/stm32f4xx_hal_cortex.o
                0x08000fa6                HAL_NVIC_EnableIRQ
 .text.HAL_SYSTICK_Config
                0x08000fc2       0x18 ./Drivers/STM32F4xx_HAL_Driver/Src/stm32f4xx_hal_cortex.o
                0x08000fc2                HAL_SYSTICK_Config
 .text.HAL_DMA_Abort
                0x08000fda       0xe0 ./Drivers/STM32F4xx_HAL_Driver/Src/stm32f4xx_hal_dma.o
                0x08000fda                HAL_DMA_Abort
 .text.HAL_DMA_Abort_IT
                0x080010ba       0x44 ./Drivers/STM32F4xx_HAL_Driver/Src/stm32f4xx_hal_dma.o
                0x080010ba                HAL_DMA_Abort_IT
 *fill*         0x080010fe        0x2 
 .text.HAL_GPIO_Init
                0x08001100      0x338 ./Drivers/STM32F4xx_HAL_Driver/Src/stm32f4xx_hal_gpio.o
                0x08001100                HAL_GPIO_Init
 .text.HAL_GPIO_WritePin
                0x08001438       0x32 ./Drivers/STM32F4xx_HAL_Driver/Src/stm32f4xx_hal_gpio.o
                0x08001438                HAL_GPIO_WritePin
 .text.HAL_GPIO_TogglePin
                0x0800146a       0x34 ./Drivers/STM32F4xx_HAL_Driver/Src/stm32f4xx_hal_gpio.o
                0x0800146a                HAL_GPIO_TogglePin
 *fill*         0x0800149e        0x2 
 .text.HAL_RCC_OscConfig
                0x080014a0      0x4f0 ./Drivers/STM32F4xx_HAL_Driver/Src/stm32f4xx_hal_rcc.o
                0x080014a0                HAL_RCC_OscConfig
 .text.HAL_RCC_ClockConfig
                0x08001990      0x1cc ./Drivers/STM32F4xx_HAL_Driver/Src/stm32f4xx_hal_rcc.o
                0x08001990                HAL_RCC_ClockConfig
 .text.HAL_RCC_GetSysClockFreq
                0x08001b5c      0x20c ./Drivers/STM32F4xx_HAL_Driver/Src/stm32f4xx_hal_rcc.o
                0x08001b5c                HAL_RCC_GetSysClockFreq
 .text.HAL_RCC_GetHCLKFreq
                0x08001d68       0x18 ./Drivers/STM32F4xx_HAL_Driver/Src/stm32f4xx_hal_rcc.o
                0x08001d68                HAL_RCC_GetHCLKFreq
 .text.HAL_RCC_GetPCLK1Freq
                0x08001d80       0x28 ./Drivers/STM32F4xx_HAL_Driver/Src/stm32f4xx_hal_rcc.o
                0x08001d80                HAL_RCC_GetPCLK1Freq
 .text.HAL_RCC_GetPCLK2Freq
                0x08001da8       0x28 ./Drivers/STM32F4xx_HAL_Driver/Src/stm32f4xx_hal_rcc.o
                0x08001da8                HAL_RCC_GetPCLK2Freq
 .text.HAL_TIM_Base_Init
                0x08001dd0       0x9e ./Drivers/STM32F4xx_HAL_Driver/Src/stm32f4xx_hal_tim.o
                0x08001dd0                HAL_TIM_Base_Init
 .text.HAL_TIM_PWM_Init
                0x08001e6e       0x9e ./Drivers/STM32F4xx_HAL_Driver/Src/stm32f4xx_hal_tim.o
                0x08001e6e                HAL_TIM_PWM_Init
 .text.HAL_TIM_PWM_MspInit
                0x08001f0c       0x14 ./Drivers/STM32F4xx_HAL_Driver/Src/stm32f4xx_hal_tim.o
                0x08001f0c                HAL_TIM_PWM_MspInit
 .text.HAL_TIM_PWM_Start
                0x08001f20      0x190 ./Drivers/STM32F4xx_HAL_Driver/Src/stm32f4xx_hal_tim.o
                0x08001f20                HAL_TIM_PWM_Start
 .text.HAL_TIM_PWM_ConfigChannel
                0x080020b0      0x184 ./Drivers/STM32F4xx_HAL_Driver/Src/stm32f4xx_hal_tim.o
                0x080020b0                HAL_TIM_PWM_ConfigChannel
 .text.HAL_TIM_ConfigClockSource
                0x08002234      0x18e ./Drivers/STM32F4xx_HAL_Driver/Src/stm32f4xx_hal_tim.o
                0x08002234                HAL_TIM_ConfigClockSource
 *fill*         0x080023c2        0x2 
 .text.TIM_Base_SetConfig
                0x080023c4      0x158 ./Drivers/STM32F4xx_HAL_Driver/Src/stm32f4xx_hal_tim.o
                0x080023c4                TIM_Base_SetConfig
 .text.TIM_OC1_SetConfig
                0x0800251c       0xe0 ./Drivers/STM32F4xx_HAL_Driver/Src/stm32f4xx_hal_tim.o
 .text.TIM_OC2_SetConfig
                0x080025fc       0xec ./Drivers/STM32F4xx_HAL_Driver/Src/stm32f4xx_hal_tim.o
                0x080025fc                TIM_OC2_SetConfig
 .text.TIM_OC3_SetConfig
                0x080026e8       0xe8 ./Drivers/STM32F4xx_HAL_Driver/Src/stm32f4xx_hal_tim.o
 .text.TIM_OC4_SetConfig
                0x080027d0       0xac ./Drivers/STM32F4xx_HAL_Driver/Src/stm32f4xx_hal_tim.o
 .text.TIM_TI1_ConfigInputStage
                0x0800287c       0x5e ./Drivers/STM32F4xx_HAL_Driver/Src/stm32f4xx_hal_tim.o
 .text.TIM_TI2_ConfigInputStage
                0x080028da       0x60 ./Drivers/STM32F4xx_HAL_Driver/Src/stm32f4xx_hal_tim.o
 .text.TIM_ITRx_SetConfig
                0x0800293a       0x36 ./Drivers/STM32F4xx_HAL_Driver/Src/stm32f4xx_hal_tim.o
 .text.TIM_ETR_SetConfig
                0x08002970       0x40 ./Drivers/STM32F4xx_HAL_Driver/Src/stm32f4xx_hal_tim.o
                0x08002970                TIM_ETR_SetConfig
 .text.TIM_CCxChannelCmd
                0x080029b0       0x4a ./Drivers/STM32F4xx_HAL_Driver/Src/stm32f4xx_hal_tim.o
                0x080029b0                TIM_CCxChannelCmd
 *fill*         0x080029fa        0x2 
 .text.HAL_TIMEx_MasterConfigSynchronization
                0x080029fc       0xf8 ./Drivers/STM32F4xx_HAL_Driver/Src/stm32f4xx_hal_tim_ex.o
                0x080029fc                HAL_TIMEx_MasterConfigSynchronization
 .text.HAL_TIMEx_ConfigBreakDeadTime
                0x08002af4       0xa4 ./Drivers/STM32F4xx_HAL_Driver/Src/stm32f4xx_hal_tim_ex.o
                0x08002af4                HAL_TIMEx_ConfigBreakDeadTime
 .text.HAL_UART_Init
                0x08002b98       0xa0 ./Drivers/STM32F4xx_HAL_Driver/Src/stm32f4xx_hal_uart.o
                0x08002b98                HAL_UART_Init
 .text.HAL_UART_Transmit
                0x08002c38      0x116 ./Drivers/STM32F4xx_HAL_Driver/Src/stm32f4xx_hal_uart.o
                0x08002c38                HAL_UART_Transmit
 .text.HAL_UART_Receive
                0x08002d4e      0x12e ./Drivers/STM32F4xx_HAL_Driver/Src/stm32f4xx_hal_uart.o
                0x08002d4e                HAL_UART_Receive
 .text.HAL_UART_IRQHandler
                0x08002e7c      0x524 ./Drivers/STM32F4xx_HAL_Driver/Src/stm32f4xx_hal_uart.o
                0x08002e7c                HAL_UART_IRQHandler
 .text.HAL_UART_TxCpltCallback
                0x080033a0       0x14 ./Drivers/STM32F4xx_HAL_Driver/Src/stm32f4xx_hal_uart.o
                0x080033a0                HAL_UART_TxCpltCallback
 .text.HAL_UART_RxCpltCallback
                0x080033b4       0x14 ./Drivers/STM32F4xx_HAL_Driver/Src/stm32f4xx_hal_uart.o
                0x080033b4                HAL_UART_RxCpltCallback
 .text.HAL_UART_ErrorCallback
                0x080033c8       0x14 ./Drivers/STM32F4xx_HAL_Driver/Src/stm32f4xx_hal_uart.o
                0x080033c8                HAL_UART_ErrorCallback
 .text.HAL_UARTEx_RxEventCallback
                0x080033dc       0x18 ./Drivers/STM32F4xx_HAL_Driver/Src/stm32f4xx_hal_uart.o
                0x080033dc                HAL_UARTEx_RxEventCallback
 .text.UART_WaitOnFlagUntilTimeout
                0x080033f4       0xb2 ./Drivers/STM32F4xx_HAL_Driver/Src/stm32f4xx_hal_uart.o
 .text.UART_EndRxTransfer
                0x080034a6       0xc6 ./Drivers/STM32F4xx_HAL_Driver/Src/stm32f4xx_hal_uart.o
 .text.UART_DMAAbortOnError
                0x0800356c       0x28 ./Drivers/STM32F4xx_HAL_Driver/Src/stm32f4xx_hal_uart.o
 .text.UART_Transmit_IT
                0x08003594       0xa0 ./Drivers/STM32F4xx_HAL_Driver/Src/stm32f4xx_hal_uart.o
 .text.UART_EndTransmit_IT
                0x08003634       0x30 ./Drivers/STM32F4xx_HAL_Driver/Src/stm32f4xx_hal_uart.o
 .text.UART_Receive_IT
                0x08003664      0x17c ./Drivers/STM32F4xx_HAL_Driver/Src/stm32f4xx_hal_uart.o
 .text.UART_SetConfig
                0x080037e0      0x4e8 ./Drivers/STM32F4xx_HAL_Driver/Src/stm32f4xx_hal_uart.o
 .text.memset   0x08003cc8       0x10 /opt/st/stm32cubeide_1.15.0/plugins/com.st.stm32cube.ide.mcu.externaltools.gnu-tools-for-stm32.12.3.rel1.linux64_1.0.100.202403111256/tools/bin/../lib/gcc/arm-none-eabi/12.3.1/../../../../arm-none-eabi/lib/thumb/v7e-m+fp/hard/libc_nano.a(libc_a-memset.o)
                0x08003cc8                memset
 .text.__libc_init_array
                0x08003cd8       0x48 /opt/st/stm32cubeide_1.15.0/plugins/com.st.stm32cube.ide.mcu.externaltools.gnu-tools-for-stm32.12.3.rel1.linux64_1.0.100.202403111256/tools/bin/../lib/gcc/arm-none-eabi/12.3.1/../../../../arm-none-eabi/lib/thumb/v7e-m+fp/hard/libc_nano.a(libc_a-init.o)
                0x08003cd8                __libc_init_array
 *(.glue_7)
 .glue_7        0x08003d20        0x0 linker stubs
 *(.glue_7t)
 .glue_7t       0x08003d20        0x0 linker stubs
 *(.eh_frame)
 .eh_frame      0x08003d20        0x0 /opt/st/stm32cubeide_1.15.0/plugins/com.st.stm32cube.ide.mcu.externaltools.gnu-tools-for-stm32.12.3.rel1.linux64_1.0.100.202403111256/tools/bin/../lib/gcc/arm-none-eabi/12.3.1/thumb/v7e-m+fp/hard/crtbegin.o
 *(.init)
 .init          0x08003d20        0x4 /opt/st/stm32cubeide_1.15.0/plugins/com.st.stm32cube.ide.mcu.externaltools.gnu-tools-for-stm32.12.3.rel1.linux64_1.0.100.202403111256/tools/bin/../lib/gcc/arm-none-eabi/12.3.1/thumb/v7e-m+fp/hard/crti.o
                0x08003d20                _init
 .init          0x08003d24        0x8 /opt/st/stm32cubeide_1.15.0/plugins/com.st.stm32cube.ide.mcu.externaltools.gnu-tools-for-stm32.12.3.rel1.linux64_1.0.100.202403111256/tools/bin/../lib/gcc/arm-none-eabi/12.3.1/thumb/v7e-m+fp/hard/crtn.o
 *(.fini)
 .fini          0x08003d2c        0x4 /opt/st/stm32cubeide_1.15.0/plugins/com.st.stm32cube.ide.mcu.externaltools.gnu-tools-for-stm32.12.3.rel1.linux64_1.0.100.202403111256/tools/bin/../lib/gcc/arm-none-eabi/12.3.1/thumb/v7e-m+fp/hard/crti.o
                0x08003d2c                _fini
 .fini          0x08003d30        0x8 /opt/st/stm32cubeide_1.15.0/plugins/com.st.stm32cube.ide.mcu.externaltools.gnu-tools-for-stm32.12.3.rel1.linux64_1.0.100.202403111256/tools/bin/../lib/gcc/arm-none-eabi/12.3.1/thumb/v7e-m+fp/hard/crtn.o
                0x08003d38                        . = ALIGN (0x4)
                0x08003d38                        _etext = .

.vfp11_veneer   0x08003d38        0x0
 .vfp11_veneer  0x08003d38        0x0 linker stubs

.v4_bx          0x08003d38        0x0
 .v4_bx         0x08003d38        0x0 linker stubs

.iplt           0x08003d38        0x0
 .iplt          0x08003d38        0x0 /opt/st/stm32cubeide_1.15.0/plugins/com.st.stm32cube.ide.mcu.externaltools.gnu-tools-for-stm32.12.3.rel1.linux64_1.0.100.202403111256/tools/bin/../lib/gcc/arm-none-eabi/12.3.1/thumb/v7e-m+fp/hard/crtbegin.o

.rodata         0x08003d38       0xb0
                0x08003d38                        . = ALIGN (0x4)
 *(.rodata)
 .rodata        0x08003d38       0x98 ./Core/Src/main.o
 *(.rodata*)
 .rodata.AHBPrescTable
                0x08003dd0       0x10 ./Core/Src/system_stm32f4xx.o
                0x08003dd0                AHBPrescTable
 .rodata.APBPrescTable
                0x08003de0        0x8 ./Core/Src/system_stm32f4xx.o
                0x08003de0                APBPrescTable
                0x08003de8                        . = ALIGN (0x4)

.ARM.extab      0x08003de8        0x0
                0x08003de8                        . = ALIGN (0x4)
 *(.ARM.extab* .gnu.linkonce.armextab.*)
                0x08003de8                        . = ALIGN (0x4)

.ARM            0x08003de8        0x8
                0x08003de8                        . = ALIGN (0x4)
                0x08003de8                        __exidx_start = .
 *(.ARM.exidx*)
 .ARM.exidx     0x08003de8        0x8 /opt/st/stm32cubeide_1.15.0/plugins/com.st.stm32cube.ide.mcu.externaltools.gnu-tools-for-stm32.12.3.rel1.linux64_1.0.100.202403111256/tools/bin/../lib/gcc/arm-none-eabi/12.3.1/thumb/v7e-m+fp/hard/libgcc.a(_udivmoddi4.o)
                0x08003df0                        __exidx_end = .
                0x08003df0                        . = ALIGN (0x4)

.rel.dyn        0x08003df0        0x0
 .rel.iplt      0x08003df0        0x0 /opt/st/stm32cubeide_1.15.0/plugins/com.st.stm32cube.ide.mcu.externaltools.gnu-tools-for-stm32.12.3.rel1.linux64_1.0.100.202403111256/tools/bin/../lib/gcc/arm-none-eabi/12.3.1/thumb/v7e-m+fp/hard/crtbegin.o

.preinit_array  0x08003df0        0x0
                0x08003df0                        . = ALIGN (0x4)
                0x08003df0                        PROVIDE (__preinit_array_start = .)
 *(.preinit_array*)
                0x08003df0                        PROVIDE (__preinit_array_end = .)
                0x08003df0                        . = ALIGN (0x4)

.init_array     0x08003df0        0x4
                0x08003df0                        . = ALIGN (0x4)
                0x08003df0                        PROVIDE (__init_array_start = .)
 *(SORT_BY_NAME(.init_array.*))
 *(.init_array*)
 .init_array    0x08003df0        0x4 /opt/st/stm32cubeide_1.15.0/plugins/com.st.stm32cube.ide.mcu.externaltools.gnu-tools-for-stm32.12.3.rel1.linux64_1.0.100.202403111256/tools/bin/../lib/gcc/arm-none-eabi/12.3.1/thumb/v7e-m+fp/hard/crtbegin.o
                0x08003df4                        PROVIDE (__init_array_end = .)
                0x08003df4                        . = ALIGN (0x4)

.fini_array     0x08003df4        0x4
                0x08003df4                        . = ALIGN (0x4)
                [!provide]                        PROVIDE (__fini_array_start = .)
 *(SORT_BY_NAME(.fini_array.*))
 *(.fini_array*)
 .fini_array    0x08003df4        0x4 /opt/st/stm32cubeide_1.15.0/plugins/com.st.stm32cube.ide.mcu.externaltools.gnu-tools-for-stm32.12.3.rel1.linux64_1.0.100.202403111256/tools/bin/../lib/gcc/arm-none-eabi/12.3.1/thumb/v7e-m+fp/hard/crtbegin.o
                [!provide]                        PROVIDE (__fini_array_end = .)
                0x08003df8                        . = ALIGN (0x4)
                0x08003df8                        _sidata = LOADADDR (.data)

.data           0x20000000        0xc load address 0x08003df8
                0x20000000                        . = ALIGN (0x4)
                0x20000000                        _sdata = .
 *(.data)
 *(.data*)
 .data.SystemCoreClock
                0x20000000        0x4 ./Core/Src/system_stm32f4xx.o
                0x20000000                SystemCoreClock
 .data.uwTickPrio
                0x20000004        0x4 ./Drivers/STM32F4xx_HAL_Driver/Src/stm32f4xx_hal.o
                0x20000004                uwTickPrio
 .data.uwTickFreq
                0x20000008        0x1 ./Drivers/STM32F4xx_HAL_Driver/Src/stm32f4xx_hal.o
                0x20000008                uwTickFreq
 *(.RamFunc)
 *(.RamFunc*)
                0x2000000c                        . = ALIGN (0x4)
 *fill*         0x20000009        0x3 
                0x2000000c                        _edata = .
                0x08003e04                        _siccmram = LOADADDR (.ccmram)

.igot.plt       0x2000000c        0x0 load address 0x08003e04
 .igot.plt      0x2000000c        0x0 /opt/st/stm32cubeide_1.15.0/plugins/com.st.stm32cube.ide.mcu.externaltools.gnu-tools-for-stm32.12.3.rel1.linux64_1.0.100.202403111256/tools/bin/../lib/gcc/arm-none-eabi/12.3.1/thumb/v7e-m+fp/hard/crtbegin.o

.ccmram         0x10000000        0x0 load address 0x08003e04
                0x10000000                        . = ALIGN (0x4)
                0x10000000                        _sccmram = .
 *(.ccmram)
 *(.ccmram*)
                0x10000000                        . = ALIGN (0x4)
                0x10000000                        _eccmram = .
                0x10000000                        . = ALIGN (0x4)

.bss            0x2000000c       0xb0
                0x2000000c                        _sbss = .
                0x2000000c                        __bss_start__ = _sbss
 *(.bss)
 .bss           0x2000000c       0x1c /opt/st/stm32cubeide_1.15.0/plugins/com.st.stm32cube.ide.mcu.externaltools.gnu-tools-for-stm32.12.3.rel1.linux64_1.0.100.202403111256/tools/bin/../lib/gcc/arm-none-eabi/12.3.1/thumb/v7e-m+fp/hard/crtbegin.o
 *(.bss*)
 .bss.htim8     0x20000028       0x48 ./Core/Src/main.o
                0x20000028                htim8
 .bss.huart2    0x20000070       0x48 ./Core/Src/main.o
                0x20000070                huart2
 .bss.uwTick    0x200000b8        0x4 ./Drivers/STM32F4xx_HAL_Driver/Src/stm32f4xx_hal.o
                0x200000b8                uwTick
 *(COMMON)
                0x200000bc                        . = ALIGN (0x4)
                0x200000bc                        _ebss = .
                0x200000bc                        __bss_end__ = _ebss

._user_heap_stack
                0x200000bc      0x604
                0x200000c0                        . = ALIGN (0x8)
 *fill*         0x200000bc        0x4 
                [!provide]                        PROVIDE (end = .)
                0x200000c0                        PROVIDE (_end = .)
                0x200002c0                        . = (. + _Min_Heap_Size)
 *fill*         0x200000c0      0x200 
                0x200006c0                        . = (. + _Min_Stack_Size)
 *fill*         0x200002c0      0x400 
                0x200006c0                        . = ALIGN (0x8)

/DISCARD/
 libc.a(*)
 libm.a(*)
 libgcc.a(*)

.ARM.attributes
                0x00000000       0x30
 *(.ARM.attributes)
 .ARM.attributes
                0x00000000       0x22 /opt/st/stm32cubeide_1.15.0/plugins/com.st.stm32cube.ide.mcu.externaltools.gnu-tools-for-stm32.12.3.rel1.linux64_1.0.100.202403111256/tools/bin/../lib/gcc/arm-none-eabi/12.3.1/thumb/v7e-m+fp/hard/crti.o
 .ARM.attributes
                0x00000022       0x34 /opt/st/stm32cubeide_1.15.0/plugins/com.st.stm32cube.ide.mcu.externaltools.gnu-tools-for-stm32.12.3.rel1.linux64_1.0.100.202403111256/tools/bin/../lib/gcc/arm-none-eabi/12.3.1/thumb/v7e-m+fp/hard/crtbegin.o
 .ARM.attributes
                0x00000056       0x34 ./Core/Src/main.o
 .ARM.attributes
                0x0000008a       0x34 ./Core/Src/stm32f4xx_hal_msp.o
 .ARM.attributes
                0x000000be       0x34 ./Core/Src/stm32f4xx_it.o
 .ARM.attributes
                0x000000f2       0x34 ./Core/Src/system_stm32f4xx.o
 .ARM.attributes
                0x00000126       0x21 ./Core/Startup/startup_stm32f407vgtx.o
 .ARM.attributes
                0x00000147       0x34 ./Drivers/STM32F4xx_HAL_Driver/Src/stm32f4xx_hal.o
 .ARM.attributes
                0x0000017b       0x34 ./Drivers/STM32F4xx_HAL_Driver/Src/stm32f4xx_hal_cortex.o
 .ARM.attributes
                0x000001af       0x34 ./Drivers/STM32F4xx_HAL_Driver/Src/stm32f4xx_hal_dma.o
 .ARM.attributes
                0x000001e3       0x34 ./Drivers/STM32F4xx_HAL_Driver/Src/stm32f4xx_hal_gpio.o
 .ARM.attributes
                0x00000217       0x34 ./Drivers/STM32F4xx_HAL_Driver/Src/stm32f4xx_hal_rcc.o
 .ARM.attributes
                0x0000024b       0x34 ./Drivers/STM32F4xx_HAL_Driver/Src/stm32f4xx_hal_tim.o
 .ARM.attributes
                0x0000027f       0x34 ./Drivers/STM32F4xx_HAL_Driver/Src/stm32f4xx_hal_tim_ex.o
 .ARM.attributes
                0x000002b3       0x34 ./Drivers/STM32F4xx_HAL_Driver/Src/stm32f4xx_hal_uart.o
 .ARM.attributes
                0x000002e7       0x34 /opt/st/stm32cubeide_1.15.0/plugins/com.st.stm32cube.ide.mcu.externaltools.gnu-tools-for-stm32.12.3.rel1.linux64_1.0.100.202403111256/tools/bin/../lib/gcc/arm-none-eabi/12.3.1/../../../../arm-none-eabi/lib/thumb/v7e-m+fp/hard/libc_nano.a(libc_a-memset.o)
 .ARM.attributes
                0x0000031b       0x34 /opt/st/stm32cubeide_1.15.0/plugins/com.st.stm32cube.ide.mcu.externaltools.gnu-tools-for-stm32.12.3.rel1.linux64_1.0.100.202403111256/tools/bin/../lib/gcc/arm-none-eabi/12.3.1/../../../../arm-none-eabi/lib/thumb/v7e-m+fp/hard/libc_nano.a(libc_a-init.o)
 .ARM.attributes
                0x0000034f       0x22 /opt/st/stm32cubeide_1.15.0/plugins/com.st.stm32cube.ide.mcu.externaltools.gnu-tools-for-stm32.12.3.rel1.linux64_1.0.100.202403111256/tools/bin/../lib/gcc/arm-none-eabi/12.3.1/thumb/v7e-m+fp/hard/libgcc.a(_aeabi_uldivmod.o)
 .ARM.attributes
                0x00000371       0x34 /opt/st/stm32cubeide_1.15.0/plugins/com.st.stm32cube.ide.mcu.externaltools.gnu-tools-for-stm32.12.3.rel1.linux64_1.0.100.202403111256/tools/bin/../lib/gcc/arm-none-eabi/12.3.1/thumb/v7e-m+fp/hard/libgcc.a(_udivmoddi4.o)
 .ARM.attributes
                0x000003a5       0x22 /opt/st/stm32cubeide_1.15.0/plugins/com.st.stm32cube.ide.mcu.externaltools.gnu-tools-for-stm32.12.3.rel1.linux64_1.0.100.202403111256/tools/bin/../lib/gcc/arm-none-eabi/12.3.1/thumb/v7e-m+fp/hard/libgcc.a(_dvmd_tls.o)
 .ARM.attributes
                0x000003c7       0x22 /opt/st/stm32cubeide_1.15.0/plugins/com.st.stm32cube.ide.mcu.externaltools.gnu-tools-for-stm32.12.3.rel1.linux64_1.0.100.202403111256/tools/bin/../lib/gcc/arm-none-eabi/12.3.1/thumb/v7e-m+fp/hard/crtn.o
OUTPUT(USART_NEW.elf elf32-littlearm)
LOAD linker stubs
LOAD /opt/st/stm32cubeide_1.15.0/plugins/com.st.stm32cube.ide.mcu.externaltools.gnu-tools-for-stm32.12.3.rel1.linux64_1.0.100.202403111256/tools/bin/../lib/gcc/arm-none-eabi/12.3.1/../../../../arm-none-eabi/lib/thumb/v7e-m+fp/hard/libc.a
LOAD /opt/st/stm32cubeide_1.15.0/plugins/com.st.stm32cube.ide.mcu.externaltools.gnu-tools-for-stm32.12.3.rel1.linux64_1.0.100.202403111256/tools/bin/../lib/gcc/arm-none-eabi/12.3.1/../../../../arm-none-eabi/lib/thumb/v7e-m+fp/hard/libm.a
LOAD /opt/st/stm32cubeide_1.15.0/plugins/com.st.stm32cube.ide.mcu.externaltools.gnu-tools-for-stm32.12.3.rel1.linux64_1.0.100.202403111256/tools/bin/../lib/gcc/arm-none-eabi/12.3.1/thumb/v7e-m+fp/hard/libgcc.a

.debug_info     0x00000000     0xcafc
 .debug_info    0x00000000     0x1345 ./Core/Src/main.o
 .debug_info    0x00001345      0xf7f ./Core/Src/stm32f4xx_hal_msp.o
 .debug_info    0x000022c4      0x639 ./Core/Src/stm32f4xx_it.o
 .debug_info    0x000028fd      0x512 ./Core/Src/system_stm32f4xx.o
 .debug_info    0x00002e0f       0x30 ./Core/Startup/startup_stm32f407vgtx.o
 .debug_info    0x00002e3f      0x944 ./Drivers/STM32F4xx_HAL_Driver/Src/stm32f4xx_hal.o
 .debug_info    0x00003783      0xd57 ./Drivers/STM32F4xx_HAL_Driver/Src/stm32f4xx_hal_cortex.o
 .debug_info    0x000044da      0x8e7 ./Drivers/STM32F4xx_HAL_Driver/Src/stm32f4xx_hal_dma.o
 .debug_info    0x00004dc1      0x6c3 ./Drivers/STM32F4xx_HAL_Driver/Src/stm32f4xx_hal_gpio.o
 .debug_info    0x00005484      0x8b1 ./Drivers/STM32F4xx_HAL_Driver/Src/stm32f4xx_hal_rcc.o
 .debug_info    0x00005d35     0x299d ./Drivers/STM32F4xx_HAL_Driver/Src/stm32f4xx_hal_tim.o
 .debug_info    0x000086d2     0x14db ./Drivers/STM32F4xx_HAL_Driver/Src/stm32f4xx_hal_tim_ex.o
 .debug_info    0x00009bad     0x2f4f ./Drivers/STM32F4xx_HAL_Driver/Src/stm32f4xx_hal_uart.o

.debug_abbrev   0x00000000     0x1bbb
 .debug_abbrev  0x00000000      0x2da ./Core/Src/main.o
 .debug_abbrev  0x000002da      0x1fb ./Core/Src/stm32f4xx_hal_msp.o
 .debug_abbrev  0x000004d5      0x175 ./Core/Src/stm32f4xx_it.o
 .debug_abbrev  0x0000064a      0x11a ./Core/Src/system_stm32f4xx.o
 .debug_abbrev  0x00000764       0x24 ./Core/Startup/startup_stm32f407vgtx.o
 .debug_abbrev  0x00000788      0x214 ./Drivers/STM32F4xx_HAL_Driver/Src/stm32f4xx_hal.o
 .debug_abbrev  0x0000099c      0x328 ./Drivers/STM32F4xx_HAL_Driver/Src/stm32f4xx_hal_cortex.o
 .debug_abbrev  0x00000cc4      0x264 ./Drivers/STM32F4xx_HAL_Driver/Src/stm32f4xx_hal_dma.o
 .debug_abbrev  0x00000f28      0x1d4 ./Drivers/STM32F4xx_HAL_Driver/Src/stm32f4xx_hal_gpio.o
 .debug_abbrev  0x000010fc      0x2b6 ./Drivers/STM32F4xx_HAL_Driver/Src/stm32f4xx_hal_rcc.o
 .debug_abbrev  0x000013b2      0x278 ./Drivers/STM32F4xx_HAL_Driver/Src/stm32f4xx_hal_tim.o
 .debug_abbrev  0x0000162a      0x283 ./Drivers/STM32F4xx_HAL_Driver/Src/stm32f4xx_hal_tim_ex.o
 .debug_abbrev  0x000018ad      0x30e ./Drivers/STM32F4xx_HAL_Driver/Src/stm32f4xx_hal_uart.o

.debug_aranges  0x00000000      0xc18
 .debug_aranges
                0x00000000       0x58 ./Core/Src/main.o
 .debug_aranges
                0x00000058       0x48 ./Core/Src/stm32f4xx_hal_msp.o
 .debug_aranges
                0x000000a0       0x68 ./Core/Src/stm32f4xx_it.o
 .debug_aranges
                0x00000108       0x28 ./Core/Src/system_stm32f4xx.o
 .debug_aranges
                0x00000130       0x28 ./Core/Startup/startup_stm32f407vgtx.o
 .debug_aranges
                0x00000158       0xf0 ./Drivers/STM32F4xx_HAL_Driver/Src/stm32f4xx_hal.o
 .debug_aranges
                0x00000248      0x120 ./Drivers/STM32F4xx_HAL_Driver/Src/stm32f4xx_hal_cortex.o
 .debug_aranges
                0x00000368       0x90 ./Drivers/STM32F4xx_HAL_Driver/Src/stm32f4xx_hal_dma.o
 .debug_aranges
                0x000003f8       0x58 ./Drivers/STM32F4xx_HAL_Driver/Src/stm32f4xx_hal_gpio.o
 .debug_aranges
                0x00000450       0x88 ./Drivers/STM32F4xx_HAL_Driver/Src/stm32f4xx_hal_rcc.o
 .debug_aranges
                0x000004d8      0x3d0 ./Drivers/STM32F4xx_HAL_Driver/Src/stm32f4xx_hal_tim.o
 .debug_aranges
                0x000008a8      0x168 ./Drivers/STM32F4xx_HAL_Driver/Src/stm32f4xx_hal_tim_ex.o
 .debug_aranges
                0x00000a10      0x208 ./Drivers/STM32F4xx_HAL_Driver/Src/stm32f4xx_hal_uart.o

.debug_rnglists
                0x00000000      0x982
 .debug_rnglists
                0x00000000       0x41 ./Core/Src/main.o
 .debug_rnglists
                0x00000041       0x32 ./Core/Src/stm32f4xx_hal_msp.o
 .debug_rnglists
                0x00000073       0x49 ./Core/Src/stm32f4xx_it.o
 .debug_rnglists
                0x000000bc       0x1a ./Core/Src/system_stm32f4xx.o
 .debug_rnglists
                0x000000d6       0x19 ./Core/Startup/startup_stm32f407vgtx.o
 .debug_rnglists
                0x000000ef       0xaf ./Drivers/STM32F4xx_HAL_Driver/Src/stm32f4xx_hal.o
 .debug_rnglists
                0x0000019e       0xd4 ./Drivers/STM32F4xx_HAL_Driver/Src/stm32f4xx_hal_cortex.o
 .debug_rnglists
                0x00000272       0x70 ./Drivers/STM32F4xx_HAL_Driver/Src/stm32f4xx_hal_dma.o
 .debug_rnglists
                0x000002e2       0x3f ./Drivers/STM32F4xx_HAL_Driver/Src/stm32f4xx_hal_gpio.o
 .debug_rnglists
                0x00000321       0x66 ./Drivers/STM32F4xx_HAL_Driver/Src/stm32f4xx_hal_rcc.o
 .debug_rnglists
                0x00000387      0x31a ./Drivers/STM32F4xx_HAL_Driver/Src/stm32f4xx_hal_tim.o
 .debug_rnglists
                0x000006a1      0x125 ./Drivers/STM32F4xx_HAL_Driver/Src/stm32f4xx_hal_tim_ex.o
 .debug_rnglists
                0x000007c6      0x1bc ./Drivers/STM32F4xx_HAL_Driver/Src/stm32f4xx_hal_uart.o

.debug_macro    0x00000000    0x20c6d
 .debug_macro   0x00000000      0x2e0 ./Core/Src/main.o
 .debug_macro   0x000002e0      0xab4 ./Core/Src/main.o
 .debug_macro   0x00000d94      0x29b ./Core/Src/main.o
 .debug_macro   0x0000102f       0x2e ./Core/Src/main.o
 .debug_macro   0x0000105d       0x2f ./Core/Src/main.o
 .debug_macro   0x0000108c       0x22 ./Core/Src/main.o
 .debug_macro   0x000010ae       0x8e ./Core/Src/main.o
 .debug_macro   0x0000113c       0x51 ./Core/Src/main.o
 .debug_macro   0x0000118d      0x103 ./Core/Src/main.o
 .debug_macro   0x00001290       0x6a ./Core/Src/main.o
 .debug_macro   0x000012fa      0x1df ./Core/Src/main.o
 .debug_macro   0x000014d9       0x1c ./Core/Src/main.o
 .debug_macro   0x000014f5       0x22 ./Core/Src/main.o
 .debug_macro   0x00001517       0xfb ./Core/Src/main.o
 .debug_macro   0x00001612     0x1011 ./Core/Src/main.o
 .debug_macro   0x00002623      0x11f ./Core/Src/main.o
 .debug_macro   0x00002742    0x15e97 ./Core/Src/main.o
 .debug_macro   0x000185d9       0x6d ./Core/Src/main.o
 .debug_macro   0x00018646     0x368c ./Core/Src/main.o
 .debug_macro   0x0001bcd2      0x189 ./Core/Src/main.o
 .debug_macro   0x0001be5b       0x5c ./Core/Src/main.o
 .debug_macro   0x0001beb7      0x980 ./Core/Src/main.o
 .debug_macro   0x0001c837      0x9e9 ./Core/Src/main.o
 .debug_macro   0x0001d220      0x115 ./Core/Src/main.o
 .debug_macro   0x0001d335      0x13e ./Core/Src/main.o
 .debug_macro   0x0001d473       0xa5 ./Core/Src/main.o
 .debug_macro   0x0001d518      0x174 ./Core/Src/main.o
 .debug_macro   0x0001d68c      0x287 ./Core/Src/main.o
 .debug_macro   0x0001d913       0x5f ./Core/Src/main.o
 .debug_macro   0x0001d972      0x236 ./Core/Src/main.o
 .debug_macro   0x0001dba8      0x12c ./Core/Src/main.o
 .debug_macro   0x0001dcd4      0x21e ./Core/Src/main.o
 .debug_macro   0x0001def2       0x2e ./Core/Src/main.o
 .debug_macro   0x0001df20      0x127 ./Core/Src/main.o
 .debug_macro   0x0001e047       0x7e ./Core/Src/main.o
 .debug_macro   0x0001e0c5       0x89 ./Core/Src/main.o
 .debug_macro   0x0001e14e      0x8ed ./Core/Src/main.o
 .debug_macro   0x0001ea3b       0x4d ./Core/Src/main.o
 .debug_macro   0x0001ea88      0x2aa ./Core/Src/main.o
 .debug_macro   0x0001ed32      0x12d ./Core/Src/main.o
 .debug_macro   0x0001ee5f       0x61 ./Core/Src/main.o
 .debug_macro   0x0001eec0       0x2a ./Core/Src/main.o
 .debug_macro   0x0001eeea       0x43 ./Core/Src/main.o
 .debug_macro   0x0001ef2d       0x34 ./Core/Src/main.o
 .debug_macro   0x0001ef61       0x16 ./Core/Src/main.o
 .debug_macro   0x0001ef77       0x35 ./Core/Src/main.o
 .debug_macro   0x0001efac      0x369 ./Core/Src/main.o
 .debug_macro   0x0001f315       0x10 ./Core/Src/main.o
 .debug_macro   0x0001f325       0x16 ./Core/Src/main.o
 .debug_macro   0x0001f33b       0x43 ./Core/Src/main.o
 .debug_macro   0x0001f37e       0x34 ./Core/Src/main.o
 .debug_macro   0x0001f3b2       0x10 ./Core/Src/main.o
 .debug_macro   0x0001f3c2       0x58 ./Core/Src/main.o
 .debug_macro   0x0001f41a       0x8e ./Core/Src/main.o
 .debug_macro   0x0001f4a8       0x1c ./Core/Src/main.o
 .debug_macro   0x0001f4c4      0x177 ./Core/Src/main.o
 .debug_macro   0x0001f63b       0x16 ./Core/Src/main.o
 .debug_macro   0x0001f651       0x16 ./Core/Src/main.o
 .debug_macro   0x0001f667      0x146 ./Core/Src/main.o
 .debug_macro   0x0001f7ad       0x16 ./Core/Src/main.o
 .debug_macro   0x0001f7c3       0x20 ./Core/Src/main.o
 .debug_macro   0x0001f7e3      0x1d8 ./Core/Src/stm32f4xx_hal_msp.o
 .debug_macro   0x0001f9bb      0x1e2 ./Core/Src/stm32f4xx_it.o
 .debug_macro   0x0001fb9d      0x1ce ./Core/Src/system_stm32f4xx.o
 .debug_macro   0x0001fd6b      0x22e ./Drivers/STM32F4xx_HAL_Driver/Src/stm32f4xx_hal.o
 .debug_macro   0x0001ff99      0x1ce ./Drivers/STM32F4xx_HAL_Driver/Src/stm32f4xx_hal_cortex.o
 .debug_macro   0x00020167      0x1d4 ./Drivers/STM32F4xx_HAL_Driver/Src/stm32f4xx_hal_dma.o
 .debug_macro   0x0002033b      0x1d4 ./Drivers/STM32F4xx_HAL_Driver/Src/stm32f4xx_hal_gpio.o
 .debug_macro   0x0002050f      0x1f2 ./Drivers/STM32F4xx_HAL_Driver/Src/stm32f4xx_hal_rcc.o
 .debug_macro   0x00020701      0x1cf ./Drivers/STM32F4xx_HAL_Driver/Src/stm32f4xx_hal_tim.o
 .debug_macro   0x000208d0      0x1ce ./Drivers/STM32F4xx_HAL_Driver/Src/stm32f4xx_hal_tim_ex.o
 .debug_macro   0x00020a9e      0x1cf ./Drivers/STM32F4xx_HAL_Driver/Src/stm32f4xx_hal_uart.o

.debug_line     0x00000000     0xd6d9
 .debug_line    0x00000000      0xae2 ./Core/Src/main.o
 .debug_line    0x00000ae2      0x74c ./Core/Src/stm32f4xx_hal_msp.o
 .debug_line    0x0000122e      0x76e ./Core/Src/stm32f4xx_it.o
 .debug_line    0x0000199c      0x718 ./Core/Src/system_stm32f4xx.o
 .debug_line    0x000020b4       0x7a ./Core/Startup/startup_stm32f407vgtx.o
 .debug_line    0x0000212e      0x981 ./Drivers/STM32F4xx_HAL_Driver/Src/stm32f4xx_hal.o
 .debug_line    0x00002aaf      0xc49 ./Drivers/STM32F4xx_HAL_Driver/Src/stm32f4xx_hal_cortex.o
 .debug_line    0x000036f8      0xef1 ./Drivers/STM32F4xx_HAL_Driver/Src/stm32f4xx_hal_dma.o
 .debug_line    0x000045e9      0xb0d ./Drivers/STM32F4xx_HAL_Driver/Src/stm32f4xx_hal_gpio.o
 .debug_line    0x000050f6      0xcf4 ./Drivers/STM32F4xx_HAL_Driver/Src/stm32f4xx_hal_rcc.o
 .debug_line    0x00005dea     0x3725 ./Drivers/STM32F4xx_HAL_Driver/Src/stm32f4xx_hal_tim.o
 .debug_line    0x0000950f     0x1977 ./Drivers/STM32F4xx_HAL_Driver/Src/stm32f4xx_hal_tim_ex.o
 .debug_line    0x0000ae86     0x2853 ./Drivers/STM32F4xx_HAL_Driver/Src/stm32f4xx_hal_uart.o

.debug_str      0x00000000    0xcad50
 .debug_str     0x00000000    0xc7ebc ./Core/Src/main.o
                              0xc8240 (size before relaxing)
 .debug_str     0x000c7ebc      0x5d5 ./Core/Src/stm32f4xx_hal_msp.o
                              0xc4b92 (size before relaxing)
 .debug_str     0x000c8491       0xef ./Core/Src/stm32f4xx_it.o
                              0xc4234 (size before relaxing)
 .debug_str     0x000c8580       0xdb ./Core/Src/system_stm32f4xx.o
                              0xc3eae (size before relaxing)
 .debug_str     0x000c865b       0x44 ./Core/Startup/startup_stm32f407vgtx.o
                                 0x80 (size before relaxing)
 .debug_str     0x000c869f      0x5f0 ./Drivers/STM32F4xx_HAL_Driver/Src/stm32f4xx_hal.o
                              0xc4a32 (size before relaxing)
 .debug_str     0x000c8c8f      0x33a ./Drivers/STM32F4xx_HAL_Driver/Src/stm32f4xx_hal_cortex.o
                              0xc477c (size before relaxing)
 .debug_str     0x000c8fc9      0x323 ./Drivers/STM32F4xx_HAL_Driver/Src/stm32f4xx_hal_dma.o
                              0xc42c8 (size before relaxing)
 .debug_str     0x000c92ec      0x10e ./Drivers/STM32F4xx_HAL_Driver/Src/stm32f4xx_hal_gpio.o
                              0xc4029 (size before relaxing)
 .debug_str     0x000c93fa      0x233 ./Drivers/STM32F4xx_HAL_Driver/Src/stm32f4xx_hal_rcc.o
                              0xc42e2 (size before relaxing)
 .debug_str     0x000c962d      0xd62 ./Drivers/STM32F4xx_HAL_Driver/Src/stm32f4xx_hal_tim.o
                              0xc5238 (size before relaxing)
 .debug_str     0x000ca38f      0x3e1 ./Drivers/STM32F4xx_HAL_Driver/Src/stm32f4xx_hal_tim_ex.o
                              0xc4a44 (size before relaxing)
 .debug_str     0x000ca770      0x5e0 ./Drivers/STM32F4xx_HAL_Driver/Src/stm32f4xx_hal_uart.o
                              0xc48c3 (size before relaxing)

.comment        0x00000000       0x43
 .comment       0x00000000       0x43 ./Core/Src/main.o
                                 0x44 (size before relaxing)
 .comment       0x00000043       0x44 ./Core/Src/stm32f4xx_hal_msp.o
 .comment       0x00000043       0x44 ./Core/Src/stm32f4xx_it.o
 .comment       0x00000043       0x44 ./Core/Src/system_stm32f4xx.o
 .comment       0x00000043       0x44 ./Drivers/STM32F4xx_HAL_Driver/Src/stm32f4xx_hal.o
 .comment       0x00000043       0x44 ./Drivers/STM32F4xx_HAL_Driver/Src/stm32f4xx_hal_cortex.o
 .comment       0x00000043       0x44 ./Drivers/STM32F4xx_HAL_Driver/Src/stm32f4xx_hal_dma.o
 .comment       0x00000043       0x44 ./Drivers/STM32F4xx_HAL_Driver/Src/stm32f4xx_hal_gpio.o
 .comment       0x00000043       0x44 ./Drivers/STM32F4xx_HAL_Driver/Src/stm32f4xx_hal_rcc.o
 .comment       0x00000043       0x44 ./Drivers/STM32F4xx_HAL_Driver/Src/stm32f4xx_hal_tim.o
 .comment       0x00000043       0x44 ./Drivers/STM32F4xx_HAL_Driver/Src/stm32f4xx_hal_tim_ex.o
 .comment       0x00000043       0x44 ./Drivers/STM32F4xx_HAL_Driver/Src/stm32f4xx_hal_uart.o

.debug_frame    0x00000000     0x3334
 .debug_frame   0x00000000      0x118 ./Core/Src/main.o
 .debug_frame   0x00000118       0xf0 ./Core/Src/stm32f4xx_hal_msp.o
 .debug_frame   0x00000208      0x120 ./Core/Src/stm32f4xx_it.o
 .debug_frame   0x00000328       0x58 ./Core/Src/system_stm32f4xx.o
 .debug_frame   0x00000380      0x374 ./Drivers/STM32F4xx_HAL_Driver/Src/stm32f4xx_hal.o
 .debug_frame   0x000006f4      0x4b8 ./Drivers/STM32F4xx_HAL_Driver/Src/stm32f4xx_hal_cortex.o
 .debug_frame   0x00000bac      0x250 ./Drivers/STM32F4xx_HAL_Driver/Src/stm32f4xx_hal_dma.o
 .debug_frame   0x00000dfc      0x14c ./Drivers/STM32F4xx_HAL_Driver/Src/stm32f4xx_hal_gpio.o
 .debug_frame   0x00000f48      0x1f4 ./Drivers/STM32F4xx_HAL_Driver/Src/stm32f4xx_hal_rcc.o
 .debug_frame   0x0000113c     0x11c0 ./Drivers/STM32F4xx_HAL_Driver/Src/stm32f4xx_hal_tim.o
 .debug_frame   0x000022fc      0x638 ./Drivers/STM32F4xx_HAL_Driver/Src/stm32f4xx_hal_tim_ex.o
 .debug_frame   0x00002934      0x954 ./Drivers/STM32F4xx_HAL_Driver/Src/stm32f4xx_hal_uart.o
 .debug_frame   0x00003288       0x20 /opt/st/stm32cubeide_1.15.0/plugins/com.st.stm32cube.ide.mcu.externaltools.gnu-tools-for-stm32.12.3.rel1.linux64_1.0.100.202403111256/tools/bin/../lib/gcc/arm-none-eabi/12.3.1/../../../../arm-none-eabi/lib/thumb/v7e-m+fp/hard/libc_nano.a(libc_a-memset.o)
 .debug_frame   0x000032a8       0x2c /opt/st/stm32cubeide_1.15.0/plugins/com.st.stm32cube.ide.mcu.externaltools.gnu-tools-for-stm32.12.3.rel1.linux64_1.0.100.202403111256/tools/bin/../lib/gcc/arm-none-eabi/12.3.1/../../../../arm-none-eabi/lib/thumb/v7e-m+fp/hard/libc_nano.a(libc_a-init.o)
 .debug_frame   0x000032d4       0x2c /opt/st/stm32cubeide_1.15.0/plugins/com.st.stm32cube.ide.mcu.externaltools.gnu-tools-for-stm32.12.3.rel1.linux64_1.0.100.202403111256/tools/bin/../lib/gcc/arm-none-eabi/12.3.1/thumb/v7e-m+fp/hard/libgcc.a(_aeabi_uldivmod.o)
 .debug_frame   0x00003300       0x34 /opt/st/stm32cubeide_1.15.0/plugins/com.st.stm32cube.ide.mcu.externaltools.gnu-tools-for-stm32.12.3.rel1.linux64_1.0.100.202403111256/tools/bin/../lib/gcc/arm-none-eabi/12.3.1/thumb/v7e-m+fp/hard/libgcc.a(_udivmoddi4.o)

.debug_line_str
                0x00000000       0x64
 .debug_line_str
                0x00000000       0x64 ./Core/Startup/startup_stm32f407vgtx.o
